// Jest Snapshot v1, https://goo.gl/fbAQLP

exports[`Loader component should match snapshot 1`] = `
<div
  className="loading"
>
  <div
    className="loading-bar"
  />
  <div
    className="loading-bar"
  />
  <div
    className="loading-bar"
  />
  <div
    className="loading-bar"
  />
</div>
`;
